// Jest Snapshot v1, https://goo.gl/fbAQLP

exports[`Renders RelatedVideos 1`] = `
<div
  className="relatedVideos"
>
  <NextUpVideo />
  <VideoPreview
    orientation="horizontal"
  />
  <VideoPreview
    orientation="horizontal"
  />
  <VideoPreview
    orientation="horizontal"
  />
</div>
`;
