// Jest Snapshot v1, https://goo.gl/fbAQLP

exports[`Renders NextUpVideo 1`] = `
<Fragment>
  <div
    className="header"
  >
    <h4>
      Up next
    </h4>
    <div
      className="toggle"
    >
      <span>
        Autoplay
      </span>
      <Checkbox
        defaultChecked={true}
        toggle={true}
        type="checkbox"
      />
    </div>
  </div>
  <VideoPreview
    orientation="horizontal"
    video={
      Object {
        "channelTitle": "Channel Name",
        "duration": "3:52",
        "id": 0,
        "publishDate": 1970-01-01T00:00:00.000Z,
        "thumbnail": "http://via.placeholder.com/210x118",
        "videoTitle": "Video Title",
        "viewCount": 56,
      }
    }
  />
  <Divider />
</Fragment>
`;
