// Jest Snapshot v1, https://goo.gl/fbAQLP

exports[`Render AddComment 1`] = `
<div
  className="container"
>
  <Image
    as="img"
    circular={true}
    className="userAvatar"
    src="http://via.placeholder.com/48x48"
    ui={true}
  />
  <Form
    as="form"
  >
    <FormTextArea
      as={[Function]}
      control={[Function]}
      placeholder="Add a public comment..."
      rows={1}
    />
  </Form>
</div>
`;
